117.136.81.183 - - [23/Sep/2017:23:53:38 +0800] "GET /content.json?t=1506182017996 HTTP/1.1" 200 535 "https://www.wzsite.cn/" "Mozilla/5.0 (Linux; Android 4.4.2; Che2-TL00 Build/HonorChe2-TL00; wv) AppleWebKit/537.36 (KHTML, like Gecko) Version/4.0 Chrome/53.0.2785.49 Mobile MQQBrowser/6.2 TBS/043508 Safari/537.36 V1_AND_SQ_7.1.8_718_YYB_D QQ/7.1.8.3240 NetType/4G WebP/0.3.0 Pixel/720"
117.136.81.183 - - [23/Sep/2017:23:53:53 +0800] "GET /content.json?t=1506182033265 HTTP/1.1" 200 535 "https://www.wzsite.cn/" "Mozilla/5.0 (Linux; Android 4.4.2; Che2-TL00 Build/HonorChe2-TL00; wv) AppleWebKit/537.36 (KHTML, like Gecko) Version/4.0 Chrome/53.0.2785.49 Mobile MQQBrowser/6.2 TBS/043508 Safari/537.36 V1_AND_SQ_7.1.8_718_YYB_D QQ/7.1.8.3240 NetType/4G WebP/0.3.0 Pixel/720"
222.178.10.232 - - [23/Sep/2017:23:53:57 +0800] "GET /content.json?t=1506182036704 HTTP/1.1" 200 535 "https://www.wzsite.cn/" "Mozilla/5.0 (Linux; Android 6.0.1; KIW-CL00 Build/HONORKIW-CL00; wv) AppleWebKit/537.36 (KHTML, like Gecko) Version/4.0 Chrome/53.0.2785.49 Mobile MQQBrowser/6.2 TBS/043508 Safari/537.36 V1_AND_SQ_7.1.8_718_YYB_D QQ/7.1.8.3240 NetType/WIFI WebP/0.3.0 Pixel/1080"
222.178.10.232 - - [23/Sep/2017:23:54:04 +0800] "GET /2017/09/22/%E9%9A%8F%E7%AC%94/ HTTP/1.1" 200 124363 "https://www.wzsite.cn/" "Mozilla/5.0 (Linux; Android 6.0.1; KIW-CL00 Build/HONORKIW-CL00; wv) AppleWebKit/537.36 (KHTML, like Gecko) Version/4.0 Chrome/53.0.2785.49 Mobile MQQBrowser/6.2 TBS/043508 Safari/537.36 V1_AND_SQ_7.1.8_718_YYB_D QQ/7.1.8.3240 NetType/WIFI WebP/0.3.0 Pixel/1080"
222.178.10.232 - - [23/Sep/2017:23:54:05 +0800] "GET /fonts/tooltip.4004ff.svg HTTP/1.1" 200 492 "https://www.wzsite.cn/main.507b3a.css" "Mozilla/5.0 (Linux; Android 6.0.1; KIW-CL00 Build/HONORKIW-CL00; wv) AppleWebKit/537.36 (KHTML, like Gecko) Version/4.0 Chrome/53.0.2785.49 Mobile MQQBrowser/6.2 TBS/043508 Safari/537.36 V1_AND_SQ_7.1.8_718_YYB_D QQ/7.1.8.3240 NetType/WIFI WebP/0.3.0 Pixel/1080"
14.17.3.65 - - [23/Sep/2017:23:54:05 +0800] "GET /2017/09/22/%E9%9A%8F%E7%AC%94 HTTP/1.1" 301 185 "-" "Mozilla/5.0 (iPhone; CPU iPhone OS 9_3_4 like Mac OS X) AppleWebKit/601.1.46 (KHTML, like Gecko) Mobile/13G35 QQ/6.5.3.410 V1_IPH_SQ_6.5.3_1_APP_A Pixel/750 Core/UIWebView NetType/2G Mem/117"
14.17.3.65 - - [23/Sep/2017:23:54:05 +0800] "GET /2017/09/22/%e9%9a%8f%e7%ac%94/ HTTP/1.1" 200 124363 "https://www.wzsite.cn/2017/09/22/%E9%9A%8F%E7%AC%94" "Mozilla/5.0 (iPhone; CPU iPhone OS 9_3_4 like Mac OS X) AppleWebKit/601.1.46 (KHTML, like Gecko) Mobile/13G35 QQ/6.5.3.410 V1_IPH_SQ_6.5.3_1_APP_A Pixel/750 Core/UIWebView NetType/2G Mem/117"
222.178.10.232 - - [23/Sep/2017:23:54:05 +0800] "GET /content.json?t=1506182045588 HTTP/1.1" 200 535 "https://www.wzsite.cn/2017/09/22/%E9%9A%8F%E7%AC%94/" "Mozilla/5.0 (Linux; Android 6.0.1; KIW-CL00 Build/HONORKIW-CL00; wv) AppleWebKit/537.36 (KHTML, like Gecko) Version/4.0 Chrome/53.0.2785.49 Mobile MQQBrowser/6.2 TBS/043508 Safari/537.36 V1_AND_SQ_7.1.8_718_YYB_D QQ/7.1.8.3240 NetType/WIFI WebP/0.3.0 Pixel/1080"
117.136.81.183 - - [23/Sep/2017:23:54:49 +0800] "GET /2017/09/22/test/ HTTP/1.1" 200 123402 "https://www.wzsite.cn/" "Mozilla/5.0 (Linux; Android 4.4.2; Che2-TL00 Build/HonorChe2-TL00; wv) AppleWebKit/537.36 (KHTML, like Gecko) Version/4.0 Chrome/53.0.2785.49 Mobile MQQBrowser/6.2 TBS/043508 Safari/537.36 V1_AND_SQ_7.1.8_718_YYB_D QQ/7.1.8.3240 NetType/4G WebP/0.3.0 Pixel/720"
183.57.53.222 - - [23/Sep/2017:23:54:49 +0800] "GET /2017/09/22/test HTTP/1.1" 301 185 "-" "Mozilla/5.0 (iPhone; CPU iPhone OS 9_3_4 like Mac OS X) AppleWebKit/601.1.46 (KHTML, like Gecko) Mobile/13G35 QQ/6.5.3.410 V1_IPH_SQ_6.5.3_1_APP_A Pixel/750 Core/UIWebView NetType/2G Mem/117"
117.136.81.183 - - [23/Sep/2017:23:54:49 +0800] "GET /fonts/tooltip.4004ff.svg HTTP/1.1" 200 492 "https://www.wzsite.cn/main.507b3a.css" "Mozilla/5.0 (Linux; Android 4.4.2; Che2-TL00 Build/HonorChe2-TL00; wv) AppleWebKit/537.36 (KHTML, like Gecko) Version/4.0 Chrome/53.0.2785.49 Mobile MQQBrowser/6.2 TBS/043508 Safari/537.36 V1_AND_SQ_7.1.8_718_YYB_D QQ/7.1.8.3240 NetType/4G WebP/0.3.0 Pixel/720"
183.57.53.222 - - [23/Sep/2017:23:54:49 +0800] "GET /2017/09/22/test/ HTTP/1.1" 200 123402 "https://www.wzsite.cn/2017/09/22/test" "Mozilla/5.0 (iPhone; CPU iPhone OS 9_3_4 like Mac OS X) AppleWebKit/601.1.46 (KHTML, like Gecko) Mobile/13G35 QQ/6.5.3.410 V1_IPH_SQ_6.5.3_1_APP_A Pixel/750 Core/UIWebView NetType/2G Mem/117"
117.136.81.183 - - [23/Sep/2017:23:54:51 +0800] "GET /content.json?t=1506182090685 HTTP/1.1" 200 535 "https://www.wzsite.cn/2017/09/22/test/" "Mozilla/5.0 (Linux; Android 4.4.2; Che2-TL00 Build/HonorChe2-TL00; wv) AppleWebKit/537.36 (KHTML, like Gecko) Version/4.0 Chrome/53.0.2785.49 Mobile MQQBrowser/6.2 TBS/043508 Safari/537.36 V1_AND_SQ_7.1.8_718_YYB_D QQ/7.1.8.3240 NetType/4G WebP/0.3.0 Pixel/720"
117.136.81.183 - - [23/Sep/2017:23:54:55 +0800] "GET /content.json?t=1506182094741 HTTP/1.1" 200 535 "https://www.wzsite.cn/" "Mozilla/5.0 (Linux; Android 4.4.2; Che2-TL00 Build/HonorChe2-TL00; wv) AppleWebKit/537.36 (KHTML, like Gecko) Version/4.0 Chrome/53.0.2785.49 Mobile MQQBrowser/6.2 TBS/043508 Safari/537.36 V1_AND_SQ_7.1.8_718_YYB_D QQ/7.1.8.3240 NetType/4G WebP/0.3.0 Pixel/720"
117.136.81.183 - - [23/Sep/2017:23:54:56 +0800] "GET /2017/09/22/%E9%9A%8F%E7%AC%94/ HTTP/1.1" 200 124363 "https://www.wzsite.cn/" "Mozilla/5.0 (Linux; Android 4.4.2; Che2-TL00 Build/HonorChe2-TL00; wv) AppleWebKit/537.36 (KHTML, like Gecko) Version/4.0 Chrome/53.0.2785.49 Mobile MQQBrowser/6.2 TBS/043508 Safari/537.36 V1_AND_SQ_7.1.8_718_YYB_D QQ/7.1.8.3240 NetType/4G WebP/0.3.0 Pixel/720"
117.136.81.183 - - [23/Sep/2017:23:54:58 +0800] "GET /content.json?t=1506182097823 HTTP/1.1" 200 535 "https://www.wzsite.cn/2017/09/22/%E9%9A%8F%E7%AC%94/" "Mozilla/5.0 (Linux; Android 4.4.2; Che2-TL00 Build/HonorChe2-TL00; wv) AppleWebKit/537.36 (KHTML, like Gecko) Version/4.0 Chrome/53.0.2785.49 Mobile MQQBrowser/6.2 TBS/043508 Safari/537.36 V1_AND_SQ_7.1.8_718_YYB_D QQ/7.1.8.3240 NetType/4G WebP/0.3.0 Pixel/720"
222.178.10.232 - - [23/Sep/2017:23:55:05 +0800] "GET /content.json?t=1506182104639 HTTP/1.1" 200 535 "https://www.wzsite.cn/" "Mozilla/5.0 (Linux; Android 6.0.1; KIW-CL00 Build/HONORKIW-CL00; wv) AppleWebKit/537.36 (KHTML, like Gecko) Version/4.0 Chrome/53.0.2785.49 Mobile MQQBrowser/6.2 TBS/043508 Safari/537.36 V1_AND_SQ_7.1.8_718_YYB_D QQ/7.1.8.3240 NetType/WIFI WebP/0.3.0 Pixel/1080"
117.136.81.183 - - [23/Sep/2017:23:55:06 +0800] "GET /content.json?t=1506182105999 HTTP/1.1" 200 535 "https://www.wzsite.cn/" "Mozilla/5.0 (Linux; Android 4.4.2; Che2-TL00 Build/HonorChe2-TL00; wv) AppleWebKit/537.36 (KHTML, like Gecko) Version/4.0 Chrome/53.0.2785.49 Mobile MQQBrowser/6.2 TBS/043508 Safari/537.36 V1_AND_SQ_7.1.8_718_YYB_D QQ/7.1.8.3240 NetType/4G WebP/0.3.0 Pixel/720"
117.136.81.183 - - [23/Sep/2017:23:55:19 +0800] "GET /2017/09/22/hello-world/ HTTP/1.1" 200 126541 "https://www.wzsite.cn/" "Mozilla/5.0 (Linux; Android 4.4.2; Che2-TL00 Build/HonorChe2-TL00; wv) AppleWebKit/537.36 (KHTML, like Gecko) Version/4.0 Chrome/53.0.2785.49 Mobile MQQBrowser/6.2 TBS/043508 Safari/537.36 V1_AND_SQ_7.1.8_718_YYB_D QQ/7.1.8.3240 NetType/4G WebP/0.3.0 Pixel/720"
183.57.53.222 - - [23/Sep/2017:23:55:19 +0800] "GET /2017/09/22/hello-world HTTP/1.1" 301 185 "-" "Mozilla/5.0 (iPhone; CPU iPhone OS 9_3_4 like Mac OS X) AppleWebKit/601.1.46 (KHTML, like Gecko) Mobile/13G35 QQ/6.5.3.410 V1_IPH_SQ_6.5.3_1_APP_A Pixel/750 Core/UIWebView NetType/2G Mem/117"
183.57.53.222 - - [23/Sep/2017:23:55:19 +0800] "GET /2017/09/22/hello-world/ HTTP/1.1" 200 126541 "https://www.wzsite.cn/2017/09/22/hello-world" "Mozilla/5.0 (iPhone; CPU iPhone OS 9_3_4 like Mac OS X) AppleWebKit/601.1.46 (KHTML, like Gecko) Mobile/13G35 QQ/6.5.3.410 V1_IPH_SQ_6.5.3_1_APP_A Pixel/750 Core/UIWebView NetType/2G Mem/117"
117.136.81.183 - - [23/Sep/2017:23:55:21 +0800] "GET /content.json?t=1506182120679 HTTP/1.1" 200 535 "https://www.wzsite.cn/2017/09/22/hello-world/" "Mozilla/5.0 (Linux; Android 4.4.2; Che2-TL00 Build/HonorChe2-TL00; wv) AppleWebKit/537.36 (KHTML, like Gecko) Version/4.0 Chrome/53.0.2785.49 Mobile MQQBrowser/6.2 TBS/043508 Safari/537.36 V1_AND_SQ_7.1.8_718_YYB_D QQ/7.1.8.3240 NetType/4G WebP/0.3.0 Pixel/720"
117.136.81.183 - - [23/Sep/2017:23:55:33 +0800] "GET /content.json?t=1506182133299 HTTP/1.1" 200 535 "https://www.wzsite.cn/" "Mozilla/5.0 (Linux; Android 4.4.2; Che2-TL00 Build/HonorChe2-TL00; wv) AppleWebKit/537.36 (KHTML, like Gecko) Version/4.0 Chrome/53.0.2785.49 Mobile MQQBrowser/6.2 TBS/043508 Safari/537.36 V1_AND_SQ_7.1.8_718_YYB_D QQ/7.1.8.3240 NetType/4G WebP/0.3.0 Pixel/720"
117.136.81.183 - - [23/Sep/2017:23:55:36 +0800] "GET /content.json?t=1506182136052 HTTP/1.1" 200 535 "https://www.wzsite.cn/2017/09/22/%E9%9A%8F%E7%AC%94/" "Mozilla/5.0 (Linux; Android 4.4.2; Che2-TL00 Build/HonorChe2-TL00; wv) AppleWebKit/537.36 (KHTML, like Gecko) Version/4.0 Chrome/53.0.2785.49 Mobile MQQBrowser/6.2 TBS/043508 Safari/537.36 V1_AND_SQ_7.1.8_718_YYB_D QQ/7.1.8.3240 NetType/4G WebP/0.3.0 Pixel/720"
117.136.81.183 - - [23/Sep/2017:23:55:51 +0800] "GET /content.json?t=1506182150741 HTTP/1.1" 200 535 "https://www.wzsite.cn/" "Mozilla/5.0 (Linux; Android 4.4.2; Che2-TL00 Build/HonorChe2-TL00; wv) AppleWebKit/537.36 (KHTML, like Gecko) Version/4.0 Chrome/53.0.2785.49 Mobile MQQBrowser/6.2 TBS/043508 Safari/537.36 V1_AND_SQ_7.1.8_718_YYB_D QQ/7.1.8.3240 NetType/4G WebP/0.3.0 Pixel/720"
117.136.81.183 - - [23/Sep/2017:23:55:58 +0800] "GET /content.json?t=1506182158035 HTTP/1.1" 200 535 "https://www.wzsite.cn/2017/09/22/%E9%9A%8F%E7%AC%94/" "Mozilla/5.0 (Linux; Android 4.4.2; Che2-TL00 Build/HonorChe2-TL00; wv) AppleWebKit/537.36 (KHTML, like Gecko) Version/4.0 Chrome/53.0.2785.49 Mobile MQQBrowser/6.2 TBS/043508 Safari/537.36 V1_AND_SQ_7.1.8_718_YYB_D QQ/7.1.8.3240 NetType/4G WebP/0.3.0 Pixel/720"
117.136.81.183 - - [23/Sep/2017:23:56:12 +0800] "GET /content.json?t=1506182172088 HTTP/1.1" 200 535 "https://www.wzsite.cn/" "Mozilla/5.0 (Linux; Android 4.4.2; Che2-TL00 Build/HonorChe2-TL00; wv) AppleWebKit/537.36 (KHTML, like Gecko) Version/4.0 Chrome/53.0.2785.49 Mobile MQQBrowser/6.2 TBS/043508 Safari/537.36 V1_AND_SQ_7.1.8_718_YYB_D QQ/7.1.8.3240 NetType/4G WebP/0.3.0 Pixel/720"
222.178.10.232 - - [23/Sep/2017:23:56:16 +0800] "GET /content.json?t=1506182175524 HTTP/1.1" 200 535 "https://www.wzsite.cn/" "Mozilla/5.0 (Linux; Android 6.0.1; KIW-CL00 Build/HONORKIW-CL00; wv) AppleWebKit/537.36 (KHTML, like Gecko) Version/4.0 Chrome/53.0.2785.49 Mobile MQQBrowser/6.2 TBS/043508 Safari/537.36 V1_AND_SQ_7.1.8_718_YYB_D QQ/7.1.8.3240 NetType/WIFI WebP/0.3.0 Pixel/1080"
222.178.10.232 - - [23/Sep/2017:23:56:24 +0800] "GET /content.json?t=1506182184276 HTTP/1.1" 200 535 "https://www.wzsite.cn/2017/09/22/%E9%9A%8F%E7%AC%94/" "Mozilla/5.0 (Linux; Android 6.0.1; KIW-CL00 Build/HONORKIW-CL00; wv) AppleWebKit/537.36 (KHTML, like Gecko) Version/4.0 Chrome/53.0.2785.49 Mobile MQQBrowser/6.2 TBS/043508 Safari/537.36 V1_AND_SQ_7.1.8_718_YYB_D QQ/7.1.8.3240 NetType/WIFI WebP/0.3.0 Pixel/1080"
222.178.10.232 - - [23/Sep/2017:23:56:48 +0800] "GET /2017/09/22/test/ HTTP/1.1" 200 123402 "https://www.wzsite.cn/2017/09/22/%E9%9A%8F%E7%AC%94/" "Mozilla/5.0 (Linux; Android 6.0.1; KIW-CL00 Build/HONORKIW-CL00; wv) AppleWebKit/537.36 (KHTML, like Gecko) Version/4.0 Chrome/53.0.2785.49 Mobile MQQBrowser/6.2 TBS/043508 Safari/537.36 V1_AND_SQ_7.1.8_718_YYB_D QQ/7.1.8.3240 NetType/WIFI WebP/0.3.0 Pixel/1080"
222.178.10.232 - - [23/Sep/2017:23:56:48 +0800] "GET /content.json?t=1506182208410 HTTP/1.1" 200 535 "https://www.wzsite.cn/2017/09/22/test/" "Mozilla/5.0 (Linux; Android 6.0.1; KIW-CL00 Build/HONORKIW-CL00; wv) AppleWebKit/537.36 (KHTML, like Gecko) Version/4.0 Chrome/53.0.2785.49 Mobile MQQBrowser/6.2 TBS/043508 Safari/537.36 V1_AND_SQ_7.1.8_718_YYB_D QQ/7.1.8.3240 NetType/WIFI WebP/0.3.0 Pixel/1080"
117.136.81.183 - - [23/Sep/2017:23:56:55 +0800] "GET /content.json?t=1506182214849 HTTP/1.1" 200 535 "https://www.wzsite.cn/2017/09/22/%E9%9A%8F%E7%AC%94/" "Mozilla/5.0 (Linux; Android 4.4.2; Che2-TL00 Build/HonorChe2-TL00; wv) AppleWebKit/537.36 (KHTML, like Gecko) Version/4.0 Chrome/53.0.2785.49 Mobile MQQBrowser/6.2 TBS/043508 Safari/537.36 V1_AND_SQ_7.1.8_718_YYB_D QQ/7.1.8.3240 NetType/4G WebP/0.3.0 Pixel/720"
117.136.81.183 - - [23/Sep/2017:23:56:57 +0800] "GET /content.json?t=1506182217043 HTTP/1.1" 200 535 "https://www.wzsite.cn/2017/09/22/test/" "Mozilla/5.0 (Linux; Android 4.4.2; Che2-TL00 Build/HonorChe2-TL00; wv) AppleWebKit/537.36 (KHTML, like Gecko) Version/4.0 Chrome/53.0.2785.49 Mobile MQQBrowser/6.2 TBS/043508 Safari/537.36 V1_AND_SQ_7.1.8_718_YYB_D QQ/7.1.8.3240 NetType/4G WebP/0.3.0 Pixel/720"
222.178.10.232 - - [23/Sep/2017:23:56:57 +0800] "GET /content.json?t=1506182217405 HTTP/1.1" 200 535 "https://www.wzsite.cn/" "Mozilla/5.0 (Linux; Android 6.0.1; KIW-CL00 Build/HONORKIW-CL00; wv) AppleWebKit/537.36 (KHTML, like Gecko) Version/4.0 Chrome/53.0.2785.49 Mobile MQQBrowser/6.2 TBS/043508 Safari/537.36 V1_AND_SQ_7.1.8_718_YYB_D QQ/7.1.8.3240 NetType/WIFI WebP/0.3.0 Pixel/1080"
211.144.157.50 - - [23/Sep/2017:23:57:01 +0800] "GET /manager/html HTTP/1.1" 302 161 "-" "Mozilla/3.0 (compatible; Indy Library)"
117.136.81.183 - - [23/Sep/2017:23:57:01 +0800] "GET /content.json?t=1506182221126 HTTP/1.1" 200 535 "https://www.wzsite.cn/" "Mozilla/5.0 (Linux; Android 4.4.2; Che2-TL00 Build/HonorChe2-TL00; wv) AppleWebKit/537.36 (KHTML, like Gecko) Version/4.0 Chrome/53.0.2785.49 Mobile MQQBrowser/6.2 TBS/043508 Safari/537.36 V1_AND_SQ_7.1.8_718_YYB_D QQ/7.1.8.3240 NetType/4G WebP/0.3.0 Pixel/720"
117.136.81.183 - - [23/Sep/2017:23:57:20 +0800] "GET /2017/09/22/Notice/ HTTP/1.1" 200 124987 "https://www.wzsite.cn/" "Mozilla/5.0 (Linux; Android 4.4.2; Che2-TL00 Build/HonorChe2-TL00; wv) AppleWebKit/537.36 (KHTML, like Gecko) Version/4.0 Chrome/53.0.2785.49 Mobile MQQBrowser/6.2 TBS/043508 Safari/537.36 V1_AND_SQ_7.1.8_718_YYB_D QQ/7.1.8.3240 NetType/4G WebP/0.3.0 Pixel/720"
101.226.68.215 - - [23/Sep/2017:23:57:21 +0800] "GET /2017/09/22/Notice HTTP/1.1" 301 185 "-" "Mozilla/5.0 (iPhone; CPU iPhone OS 9_3_4 like Mac OS X) AppleWebKit/601.1.46 (KHTML, like Gecko) Mobile/13G35 QQ/6.5.3.410 V1_IPH_SQ_6.5.3_1_APP_A Pixel/750 Core/UIWebView NetType/2G Mem/117"
119.86.99.99 - - [25/Sep/2017:10:07:04 +0800] "GET /2017/09/24/CCTF-%E9%87%8D%E5%BA%86%E7%BB%BF%E7%9B%9F%E6%9D%AF-%E6%AF%94%E8%B5%9BwriteUp/ HTTP/1.1" 200 137021 "https://wzsite.cn/" "Mozilla/5.0 (Linux; U; Android 6.0.1; zh-cn; KIW-CL00 Build/HONORKIW-CL00) AppleWebKit/537.36 (KHTML, like Gecko)Version/4.0 Chrome/37.0.0.0 MQQBrowser/7.8 Mobile Safari/537.36"
119.86.99.99 - - [25/Sep/2017:10:07:04 +0800] "GET /main.507b3a.css HTTP/1.1" 304 0 "https://wzsite.cn/2017/09/24/CCTF-%E9%87%8D%E5%BA%86%E7%BB%BF%E7%9B%9F%E6%9D%AF-%E6%AF%94%E8%B5%9BwriteUp/" "Mozilla/5.0 (Linux; U; Android 6.0.1; zh-cn; KIW-CL00 Build/HONORKIW-CL00) AppleWebKit/537.36 (KHTML, like Gecko)Version/4.0 Chrome/37.0.0.0 MQQBrowser/7.8 Mobile Safari/537.36"
119.86.99.99 - - [25/Sep/2017:10:07:04 +0800] "GET /img/avatar.jpg HTTP/1.1" 304 0 "https://wzsite.cn/2017/09/24/CCTF-%E9%87%8D%E5%BA%86%E7%BB%BF%E7%9B%9F%E6%9D%AF-%E6%AF%94%E8%B5%9BwriteUp/" "Mozilla/5.0 (Linux; U; Android 6.0.1; zh-cn; KIW-CL00 Build/HONORKIW-CL00) AppleWebKit/537.36 (KHTML, like Gecko)Version/4.0 Chrome/37.0.0.0 MQQBrowser/7.8 Mobile Safari/537.36"
119.86.99.99 - - [25/Sep/2017:10:07:04 +0800] "GET /2017/09/24/CCTF-%E9%87%8D%E5%BA%86%E7%BB%BF%E7%9B%9F%E6%9D%AF-%E6%AF%94%E8%B5%9BwriteUp/21-23-66.jpg HTTP/1.1" 304 0 "https://wzsite.cn/2017/09/24/CCTF-%E9%87%8D%E5%BA%86%E7%BB%BF%E7%9B%9F%E6%9D%AF-%E6%AF%94%E8%B5%9BwriteUp/" "Mozilla/5.0 (Linux; U; Android 6.0.1; zh-cn; KIW-CL00 Build/HONORKIW-CL00) AppleWebKit/537.36 (KHTML, like Gecko)Version/4.0 Chrome/37.0.0.0 MQQBrowser/7.8 Mobile Safari/537.36"
119.86.99.99 - - [25/Sep/2017:10:07:04 +0800] "GET /2017/09/24/CCTF-%E9%87%8D%E5%BA%86%E7%BB%BF%E7%9B%9F%E6%9D%AF-%E6%AF%94%E8%B5%9BwriteUp/21-37-40.jpg HTTP/1.1" 200 26599 "https://wzsite.cn/2017/09/24/CCTF-%E9%87%8D%E5%BA%86%E7%BB%BF%E7%9B%9F%E6%9D%AF-%E6%AF%94%E8%B5%9BwriteUp/" "Mozilla/5.0 (Linux; U; Android 6.0.1; zh-cn; KIW-CL00 Build/HONORKIW-CL00) AppleWebKit/537.36 (KHTML, like Gecko)Version/4.0 Chrome/37.0.0.0 MQQBrowser/7.8 Mobile Safari/537.36"
119.86.99.99 - - [25/Sep/2017:10:07:04 +0800] "GET /fonts/iconfont.8c627f.woff HTTP/1.1" 304 0 "https://wzsite.cn/2017/09/24/CCTF-%E9%87%8D%E5%BA%86%E7%BB%BF%E7%9B%9F%E6%9D%AF-%E6%AF%94%E8%B5%9BwriteUp/" "Mozilla/5.0 (Linux; U; Android 6.0.1; zh-cn; KIW-CL00 Build/HONORKIW-CL00) AppleWebKit/537.36 (KHTML, like Gecko)Version/4.0 Chrome/37.0.0.0 MQQBrowser/7.8 Mobile Safari/537.36"
119.86.99.99 - - [25/Sep/2017:10:07:04 +0800] "GET /2017/09/24/CCTF-%E9%87%8D%E5%BA%86%E7%BB%BF%E7%9B%9F%E6%9D%AF-%E6%AF%94%E8%B5%9BwriteUp/21-21-28.jpg HTTP/1.1" 200 64606 "https://wzsite.cn/2017/09/24/CCTF-%E9%87%8D%E5%BA%86%E7%BB%BF%E7%9B%9F%E6%9D%AF-%E6%AF%94%E8%B5%9BwriteUp/" "Mozilla/5.0 (Linux; U; Android 6.0.1; zh-cn; KIW-CL00 Build/HONORKIW-CL00) AppleWebKit/537.36 (KHTML, like Gecko)Version/4.0 Chrome/37.0.0.0 MQQBrowser/7.8 Mobile Safari/537.36"
119.86.99.99 - - [25/Sep/2017:10:07:04 +0800] "GET /img/scrollbar_arrow.png HTTP/1.1" 304 0 "https://wzsite.cn/2017/09/24/CCTF-%E9%87%8D%E5%BA%86%E7%BB%BF%E7%9B%9F%E6%9D%AF-%E6%AF%94%E8%B5%9BwriteUp/" "Mozilla/5.0 (Linux; U; Android 6.0.1; zh-cn; KIW-CL00 Build/HONORKIW-CL00) AppleWebKit/537.36 (KHTML, like Gecko)Version/4.0 Chrome/37.0.0.0 MQQBrowser/7.8 Mobile Safari/537.36"
119.86.99.99 - - [25/Sep/2017:10:07:05 +0800] "GET /main.507b3a.js HTTP/1.1" 304 0 "https://wzsite.cn/2017/09/24/CCTF-%E9%87%8D%E5%BA%86%E7%BB%BF%E7%9B%9F%E6%9D%AF-%E6%AF%94%E8%B5%9BwriteUp/" "Mozilla/5.0 (Linux; U; Android 6.0.1; zh-cn; KIW-CL00 Build/HONORKIW-CL00) AppleWebKit/537.36 (KHTML, like Gecko)Version/4.0 Chrome/37.0.0.0 MQQBrowser/7.8 Mobile Safari/537.36"
119.86.99.99 - - [25/Sep/2017:10:07:05 +0800] "GET /fonts/tooltip.4004ff.svg HTTP/1.1" 200 486 "https://wzsite.cn/main.507b3a.css" "Mozilla/5.0 (Linux; U; Android 6.0.1; zh-cn; KIW-CL00 Build/HONORKIW-CL00) AppleWebKit/537.36 (KHTML, like Gecko)Version/4.0 Chrome/37.0.0.0 MQQBrowser/7.8 Mobile Safari/537.36"
119.86.99.99 - - [25/Sep/2017:10:07:05 +0800] "GET /2017/09/24/CCTF-%E9%87%8D%E5%BA%86%E7%BB%BF%E7%9B%9F%E6%9D%AF-%E6%AF%94%E8%B5%9BwriteUp/21-21-47.jpg HTTP/1.1" 200 58983 "https://wzsite.cn/2017/09/24/CCTF-%E9%87%8D%E5%BA%86%E7%BB%BF%E7%9B%9F%E6%9D%AF-%E6%AF%94%E8%B5%9BwriteUp/" "Mozilla/5.0 (Linux; U; Android 6.0.1; zh-cn; KIW-CL00 Build/HONORKIW-CL00) AppleWebKit/537.36 (KHTML, like Gecko)Version/4.0 Chrome/37.0.0.0 MQQBrowser/7.8 Mobile Safari/537.36"
119.86.99.99 - - [25/Sep/2017:10:07:05 +0800] "GET /slider.e37972.js HTTP/1.1" 304 0 "https://wzsite.cn/2017/09/24/CCTF-%E9%87%8D%E5%BA%86%E7%BB%BF%E7%9B%9F%E6%9D%AF-%E6%AF%94%E8%B5%9BwriteUp/" "Mozilla/5.0 (Linux; U; Android 6.0.1; zh-cn; KIW-CL00 Build/HONORKIW-CL00) AppleWebKit/537.36 (KHTML, like Gecko)Version/4.0 Chrome/37.0.0.0 MQQBrowser/7.8 Mobile Safari/537.36"
119.86.99.99 - - [25/Sep/2017:10:07:06 +0800] "GET /content.json?t=1506305226449 HTTP/1.1" 200 325 "https://wzsite.cn/2017/09/24/CCTF-%E9%87%8D%E5%BA%86%E7%BB%BF%E7%9B%9F%E6%9D%AF-%E6%AF%94%E8%B5%9BwriteUp/" "Mozilla/5.0 (Linux; U; Android 6.0.1; zh-cn; KIW-CL00 Build/HONORKIW-CL00) AppleWebKit/537.36 (KHTML, like Gecko)Version/4.0 Chrome/37.0.0.0 MQQBrowser/7.8 Mobile Safari/537.36"
119.86.99.99 - - [25/Sep/2017:10:07:06 +0800] "GET /2017/09/24/CCTF-%E9%87%8D%E5%BA%86%E7%BB%BF%E7%9B%9F%E6%9D%AF-%E6%AF%94%E8%B5%9BwriteUp/21-40-49.jpg HTTP/1.1" 200 18723 "https://wzsite.cn/2017/09/24/CCTF-%E9%87%8D%E5%BA%86%E7%BB%BF%E7%9B%9F%E6%9D%AF-%E6%AF%94%E8%B5%9BwriteUp/" "Mozilla/5.0 (Linux; U; Android 6.0.1; zh-cn; KIW-CL00 Build/HONORKIW-CL00) AppleWebKit/537.36 (KHTML, like Gecko)Version/4.0 Chrome/37.0.0.0 MQQBrowser/7.8 Mobile Safari/537.36"
119.86.99.99 - - [25/Sep/2017:10:07:06 +0800] "GET /2017/09/24/CCTF-%E9%87%8D%E5%BA%86%E7%BB%BF%E7%9B%9F%E6%9D%AF-%E6%AF%94%E8%B5%9BwriteUp/21-17-21.jpg HTTP/1.1" 200 178693 "https://wzsite.cn/2017/09/24/CCTF-%E9%87%8D%E5%BA%86%E7%BB%BF%E7%9B%9F%E6%9D%AF-%E6%AF%94%E8%B5%9BwriteUp/" "Mozilla/5.0 (Linux; U; Android 6.0.1; zh-cn; KIW-CL00 Build/HONORKIW-CL00) AppleWebKit/537.36 (KHTML, like Gecko)Version/4.0 Chrome/37.0.0.0 MQQBrowser/7.8 Mobile Safari/537.36"
119.86.99.99 - - [25/Sep/2017:10:07:07 +0800] "GET /img/favicon.ico HTTP/1.1" 304 0 "-" "Mozilla/5.0 (Linux; U; Android 6.0.1; zh-cn; KIW-CL00 Build/HONORKIW-CL00) AppleWebKit/537.36 (KHTML, like Gecko)Version/4.0 Chrome/37.0.0.0 MQQBrowser/7.8 Mobile Safari/537.36"
119.86.99.99 - - [25/Sep/2017:10:08:15 +0800] "GET /essay/ HTTP/1.1" 404 571 "https://wzsite.cn/2017/09/24/CCTF-%E9%87%8D%E5%BA%86%E7%BB%BF%E7%9B%9F%E6%9D%AF-%E6%AF%94%E8%B5%9BwriteUp/" "Mozilla/5.0 (Linux; U; Android 6.0.1; zh-cn; KIW-CL00 Build/HONORKIW-CL00) AppleWebKit/537.36 (KHTML, like Gecko)Version/4.0 Chrome/37.0.0.0 MQQBrowser/7.8 Mobile Safari/537.36"
119.86.99.99 - - [25/Sep/2017:10:08:15 +0800] "GET /favicon.ico HTTP/1.1" 404 571 "-" "Mozilla/5.0 (Linux; U; Android 6.0.1; zh-cn; KIW-CL00 Build/HONORKIW-CL00) AppleWebKit/537.36 (KHTML, like Gecko)Version/4.0 Chrome/37.0.0.0 MQQBrowser/7.8 Mobile Safari/537.36"
119.86.99.99 - - [25/Sep/2017:10:08:15 +0800] "GET /favicon.ico HTTP/1.1" 404 571 "-" "Mozilla/5.0 (Linux; U; Android 6.0.1; zh-cn; KIW-CL00 Build/HONORKIW-CL00) AppleWebKit/537.36 (KHTML, like Gecko)Version/4.0 Chrome/37.0.0.0 MQQBrowser/7.8 Mobile Safari/537.36"
119.86.99.99 - - [25/Sep/2017:10:08:42 +0800] "GET /2017/09/22/Notice/ HTTP/1.1" 200 32525 "https://wzsite.cn/2017/09/24/CCTF-%E9%87%8D%E5%BA%86%E7%BB%BF%E7%9B%9F%E6%9D%AF-%E6%AF%94%E8%B5%9BwriteUp/" "Mozilla/5.0 (Linux; U; Android 6.0.1; zh-cn; KIW-CL00 Build/HONORKIW-CL00) AppleWebKit/537.36 (KHTML, like Gecko)Version/4.0 Chrome/37.0.0.0 MQQBrowser/7.8 Mobile Safari/537.36"
119.86.99.99 - - [25/Sep/2017:10:08:43 +0800] "GET /img/avatar.jpg HTTP/1.1" 304 0 "https://wzsite.cn/2017/09/22/Notice/" "Mozilla/5.0 (Linux; U; Android 6.0.1; zh-cn; KIW-CL00 Build/HONORKIW-CL00) AppleWebKit/537.36 (KHTML, like Gecko)Version/4.0 Chrome/37.0.0.0 MQQBrowser/7.8 Mobile Safari/537.36"
119.86.99.99 - - [25/Sep/2017:10:08:43 +0800] "GET /main.507b3a.css HTTP/1.1" 304 0 "https://wzsite.cn/2017/09/22/Notice/" "Mozilla/5.0 (Linux; U; Android 6.0.1; zh-cn; KIW-CL00 Build/HONORKIW-CL00) AppleWebKit/537.36 (KHTML, like Gecko)Version/4.0 Chrome/37.0.0.0 MQQBrowser/7.8 Mobile Safari/537.36"
119.86.99.99 - - [25/Sep/2017:10:08:43 +0800] "GET /2017/09/22/Notice/2016122107.jpg HTTP/1.1" 304 0 "https://wzsite.cn/2017/09/22/Notice/" "Mozilla/5.0 (Linux; U; Android 6.0.1; zh-cn; KIW-CL00 Build/HONORKIW-CL00) AppleWebKit/537.36 (KHTML, like Gecko)Version/4.0 Chrome/37.0.0.0 MQQBrowser/7.8 Mobile Safari/537.36"
119.86.99.99 - - [25/Sep/2017:10:08:43 +0800] "GET /2017/09/22/Notice/ HTTP/1.1" 200 124931 "https://wzsite.cn/2017/09/24/CCTF-%E9%87%8D%E5%BA%86%E7%BB%BF%E7%9B%9F%E6%9D%AF-%E6%AF%94%E8%B5%9BwriteUp/" "Mozilla/5.0 (Linux; U; Android 6.0.1; zh-cn; KIW-CL00 Build/HONORKIW-CL00) AppleWebKit/537.36 (KHTML, like Gecko)Version/4.0 Chrome/37.0.0.0 MQQBrowser/7.8 Mobile Safari/537.36"
119.86.99.99 - - [25/Sep/2017:10:08:43 +0800] "GET /fonts/iconfont.8c627f.woff HTTP/1.1" 304 0 "https://wzsite.cn/2017/09/22/Notice/" "Mozilla/5.0 (Linux; U; Android 6.0.1; zh-cn; KIW-CL00 Build/HONORKIW-CL00) AppleWebKit/537.36 (KHTML, like Gecko)Version/4.0 Chrome/37.0.0.0 MQQBrowser/7.8 Mobile Safari/537.36"
119.86.99.99 - - [25/Sep/2017:10:08:43 +0800] "GET /fonts/tooltip.4004ff.svg HTTP/1.1" 304 0 "https://wzsite.cn/2017/09/22/Notice/" "Mozilla/5.0 (Linux; U; Android 6.0.1; zh-cn; KIW-CL00 Build/HONORKIW-CL00) AppleWebKit/537.36 (KHTML, like Gecko)Version/4.0 Chrome/37.0.0.0 MQQBrowser/7.8 Mobile Safari/537.36"
119.86.99.99 - - [25/Sep/2017:10:08:44 +0800] "GET /main.507b3a.js HTTP/1.1" 304 0 "https://wzsite.cn/2017/09/22/Notice/" "Mozilla/5.0 (Linux; U; Android 6.0.1; zh-cn; KIW-CL00 Build/HONORKIW-CL00) AppleWebKit/537.36 (KHTML, like Gecko)Version/4.0 Chrome/37.0.0.0 MQQBrowser/7.8 Mobile Safari/537.36"
119.86.99.99 - - [25/Sep/2017:10:08:44 +0800] "GET /slider.e37972.js HTTP/1.1" 304 0 "https://wzsite.cn/2017/09/22/Notice/" "Mozilla/5.0 (Linux; U; Android 6.0.1; zh-cn; KIW-CL00 Build/HONORKIW-CL00) AppleWebKit/537.36 (KHTML, like Gecko)Version/4.0 Chrome/37.0.0.0 MQQBrowser/7.8 Mobile Safari/537.36"
119.86.99.99 - - [25/Sep/2017:10:08:44 +0800] "GET /img/scrollbar_arrow.png HTTP/1.1" 304 0 "https://wzsite.cn/2017/09/22/Notice/" "Mozilla/5.0 (Linux; U; Android 6.0.1; zh-cn; KIW-CL00 Build/HONORKIW-CL00) AppleWebKit/537.36 (KHTML, like Gecko)Version/4.0 Chrome/37.0.0.0 MQQBrowser/7.8 Mobile Safari/537.36"
119.86.99.99 - - [25/Sep/2017:10:08:44 +0800] "GET /img/favicon.ico HTTP/1.1" 304 0 "-" "Mozilla/5.0 (Linux; U; Android 6.0.1; zh-cn; KIW-CL00 Build/HONORKIW-CL00) AppleWebKit/537.36 (KHTML, like Gecko)Version/4.0 Chrome/37.0.0.0 MQQBrowser/7.8 Mobile Safari/537.36"
119.86.99.99 - - [25/Sep/2017:10:08:44 +0800] "GET /content.json?t=1506305324865 HTTP/1.1" 200 325 "https://wzsite.cn/2017/09/22/Notice/" "Mozilla/5.0 (Linux; U; Android 6.0.1; zh-cn; KIW-CL00 Build/HONORKIW-CL00) AppleWebKit/537.36 (KHTML, like Gecko)Version/4.0 Chrome/37.0.0.0 MQQBrowser/7.8 Mobile Safari/537.36"
119.86.99.99 - - [25/Sep/2017:10:08:49 +0800] "GET /search HTTP/1.1" 301 185 "https://wzsite.cn/2017/09/22/Notice/" "Mozilla/5.0 (Linux; U; Android 6.0.1; zh-cn; KIW-CL00 Build/HONORKIW-CL00) AppleWebKit/537.36 (KHTML, like Gecko)Version/4.0 Chrome/37.0.0.0 MQQBrowser/7.8 Mobile Safari/537.36"
119.86.99.99 - - [25/Sep/2017:10:08:50 +0800] "GET /search/ HTTP/1.1" 200 1936 "https://wzsite.cn/2017/09/22/Notice/" "Mozilla/5.0 (Linux; U; Android 6.0.1; zh-cn; KIW-CL00 Build/HONORKIW-CL00) AppleWebKit/537.36 (KHTML, like Gecko)Version/4.0 Chrome/37.0.0.0 MQQBrowser/7.8 Mobile Safari/537.36"
119.86.99.99 - - [25/Sep/2017:10:08:50 +0800] "GET /static/beian.png HTTP/1.1" 200 19256 "https://www.wzsite.cn/search/" "Mozilla/5.0 (Linux; U; Android 6.0.1; zh-cn; KIW-CL00 Build/HONORKIW-CL00) AppleWebKit/537.36 (KHTML, like Gecko)Version/4.0 Chrome/37.0.0.0 MQQBrowser/7.8 Mobile Safari/537.36"
119.86.99.99 - - [25/Sep/2017:10:08:50 +0800] "GET /static/bootstrap.min.css HTTP/1.1" 200 103323 "https://www.wzsite.cn/search/" "Mozilla/5.0 (Linux; U; Android 6.0.1; zh-cn; KIW-CL00 Build/HONORKIW-CL00) AppleWebKit/537.36 (KHTML, like Gecko)Version/4.0 Chrome/37.0.0.0 MQQBrowser/7.8 Mobile Safari/537.36"
119.86.99.99 - - [25/Sep/2017:10:08:50 +0800] "GET /static/flat-ui.css HTTP/1.1" 200 70590 "https://www.wzsite.cn/search/" "Mozilla/5.0 (Linux; U; Android 6.0.1; zh-cn; KIW-CL00 Build/HONORKIW-CL00) AppleWebKit/537.36 (KHTML, like Gecko)Version/4.0 Chrome/37.0.0.0 MQQBrowser/7.8 Mobile Safari/537.36"
119.86.99.99 - - [25/Sep/2017:10:08:51 +0800] "GET /images/login/imac-2x.png HTTP/1.1" 404 571 "https://www.wzsite.cn/static/flat-ui.css" "Mozilla/5.0 (Linux; U; Android 6.0.1; zh-cn; KIW-CL00 Build/HONORKIW-CL00) AppleWebKit/537.36 (KHTML, like Gecko)Version/4.0 Chrome/37.0.0.0 MQQBrowser/7.8 Mobile Safari/537.36"
119.86.99.99 - - [25/Sep/2017:10:08:51 +0800] "GET /fonts/Flat-UI-Icons-16.woff HTTP/1.1" 404 571 "https://www.wzsite.cn/static/flat-ui.css" "Mozilla/5.0 (Linux; U; Android 6.0.1; zh-cn; KIW-CL00 Build/HONORKIW-CL00) AppleWebKit/537.36 (KHTML, like Gecko)Version/4.0 Chrome/37.0.0.0 MQQBrowser/7.8 Mobile Safari/537.36"
119.86.99.99 - - [25/Sep/2017:10:08:51 +0800] "GET /fonts/Flat-UI-Icons-16.ttf HTTP/1.1" 404 571 "https://www.wzsite.cn/static/flat-ui.css" "Mozilla/5.0 (Linux; U; Android 6.0.1; zh-cn; KIW-CL00 Build/HONORKIW-CL00) AppleWebKit/537.36 (KHTML, like Gecko)Version/4.0 Chrome/37.0.0.0 MQQBrowser/7.8 Mobile Safari/537.36"
119.86.99.99 - - [25/Sep/2017:10:08:51 +0800] "GET /fonts/Flat-UI-Icons-16.svg HTTP/1.1" 404 571 "https://www.wzsite.cn/static/flat-ui.css" "Mozilla/5.0 (Linux; U; Android 6.0.1; zh-cn; KIW-CL00 Build/HONORKIW-CL00) AppleWebKit/537.36 (KHTML, like Gecko)Version/4.0 Chrome/37.0.0.0 MQQBrowser/7.8 Mobile Safari/537.36"
119.86.99.99 - - [25/Sep/2017:10:08:52 +0800] "GET /img/favicon.ico HTTP/1.1" 200 4286 "-" "Mozilla/5.0 (Linux; U; Android 6.0.1; zh-cn; KIW-CL00 Build/HONORKIW-CL00) AppleWebKit/537.36 (KHTML, like Gecko)Version/4.0 Chrome/37.0.0.0 MQQBrowser/7.8 Mobile Safari/537.36"
101.226.33.216 - - [25/Sep/2017:10:08:54 +0800] "GET /2017/09/22/Notice HTTP/1.1" 301 185 "-" "Mozilla/5.0 (Linux; U; Android 4.4.4; zh-CN; Coolpad Y82-520 Build/KTU84P) AppleWebKit/534.30 (KHTML, like Gecko) Version/4.0 UCBrowser/10.9.8.738 U3/0.8.0 Mobile Safari/534.30"
101.226.33.216 - - [25/Sep/2017:10:08:54 +0800] "GET /2017/09/22/Notice/ HTTP/1.1" 200 124931 "https://wzsite.cn/2017/09/22/Notice" "Mozilla/5.0 (Linux; U; Android 4.4.4; zh-CN; Coolpad Y82-520 Build/KTU84P) AppleWebKit/534.30 (KHTML, like Gecko) Version/4.0 UCBrowser/10.9.8.738 U3/0.8.0 Mobile Safari/534.30"
119.86.99.99 - - [25/Sep/2017:10:09:01 +0800] "POST /search/login HTTP/1.1" 302 235 "https://www.wzsite.cn/search/" "Mozilla/5.0 (Linux; U; Android 6.0.1; zh-cn; KIW-CL00 Build/HONORKIW-CL00) AppleWebKit/537.36 (KHTML, like Gecko)Version/4.0 Chrome/37.0.0.0 MQQBrowser/7.8 Mobile Safari/537.36"
182.131.11.51 - - [25/Sep/2017:10:09:02 +0800] "GET /search/option HTTP/1.1" 302 161 "-" "Mozilla/5.0 (Linux; U; Android 6.0.1; zh-cn; KIW-CL00 Build/HONORKIW-CL00) AppleWebKit/537.36 (KHTML, like Gecko)Version/4.0 Chrome/37.0.0.0 MQQBrowser/7.8 Mobile Safari/537.36"
119.86.99.99 - - [25/Sep/2017:10:09:03 +0800] "GET /search/option HTTP/1.1" 200 111699 "-" "Mozilla/5.0 (Linux; U; Android 6.0.1; zh-cn; KIW-CL00 Build/HONORKIW-CL00) AppleWebKit/537.36 (KHTML, like Gecko)Version/4.0 Chrome/37.0.0.0 MQQBrowser/7.8 Mobile Safari/537.36"
119.86.99.99 - - [25/Sep/2017:10:09:06 +0800] "GET /search/score HTTP/1.1" 200 109652 "https://www.wzsite.cn/search/option" "Mozilla/5.0 (Linux; U; Android 6.0.1; zh-cn; KIW-CL00 Build/HONORKIW-CL00) AppleWebKit/537.36 (KHTML, like Gecko)Version/4.0 Chrome/37.0.0.0 MQQBrowser/7.8 Mobile Safari/537.36"
119.86.99.99 - - [25/Sep/2017:10:09:12 +0800] "GET /search/inquiry HTTP/1.1" 200 106645 "https://www.wzsite.cn/search/option" "Mozilla/5.0 (Linux; U; Android 6.0.1; zh-cn; KIW-CL00 Build/HONORKIW-CL00) AppleWebKit/537.36 (KHTML, like Gecko)Version/4.0 Chrome/37.0.0.0 MQQBrowser/7.8 Mobile Safari/537.36"
61.151.218.119 - - [25/Sep/2017:10:09:17 +0800] "GET /search/score HTTP/1.1" 200 237 "-" "Mozilla/5.0 (Linux; U; Android 6.0.1; zh-cn; OPPO R9s Build/MMB29M) AppleWebKit/537.36 (KHTML, like Gecko)Version/4.0 Chrome/37.0.0.0 MQQBrowser/7.2 Mobile Safari/537.36"
119.86.99.99 - - [25/Sep/2017:10:09:18 +0800] "GET /search/query HTTP/1.1" 200 4013 "https://www.wzsite.cn/search/" "Mozilla/5.0 (Linux; U; Android 6.0.1; zh-cn; KIW-CL00 Build/HONORKIW-CL00) AppleWebKit/537.36 (KHTML, like Gecko)Version/4.0 Chrome/37.0.0.0 MQQBrowser/7.8 Mobile Safari/537.36"
119.86.99.99 - - [25/Sep/2017:10:09:19 +0800] "GET /favicon.ico HTTP/1.1" 404 571 "-" "Mozilla/5.0 (Linux; U; Android 6.0.1; zh-cn; KIW-CL00 Build/HONORKIW-CL00) AppleWebKit/537.36 (KHTML, like Gecko)Version/4.0 Chrome/37.0.0.0 MQQBrowser/7.8 Mobile Safari/537.36"
119.86.99.99 - - [25/Sep/2017:10:09:19 +0800] "GET /favicon.ico HTTP/1.1" 404 571 "-" "Mozilla/5.0 (Linux; U; Android 6.0.1; zh-cn; KIW-CL00 Build/HONORKIW-CL00) AppleWebKit/537.36 (KHTML, like Gecko)Version/4.0 Chrome/37.0.0.0 MQQBrowser/7.8 Mobile Safari/537.36"
119.86.99.99 - - [25/Sep/2017:10:09:22 +0800] "POST /search/query HTTP/1.1" 200 1999 "https://www.wzsite.cn/search/query" "Mozilla/5.0 (Linux; U; Android 6.0.1; zh-cn; KIW-CL00 Build/HONORKIW-CL00) AppleWebKit/537.36 (KHTML, like Gecko)Version/4.0 Chrome/37.0.0.0 MQQBrowser/7.8 Mobile Safari/537.36"
119.86.99.99 - - [25/Sep/2017:10:09:23 +0800] "GET /search/query HTTP/1.1" 200 4013 "https://www.wzsite.cn/search/" "Mozilla/5.0 (Linux; U; Android 6.0.1; zh-cn; KIW-CL00 Build/HONORKIW-CL00) AppleWebKit/537.36 (KHTML, like Gecko)Version/4.0 Chrome/37.0.0.0 MQQBrowser/7.8 Mobile Safari/537.36"
119.86.99.99 - - [25/Sep/2017:10:15:10 +0800] "GET / HTTP/1.1" 304 0 "-" "Mozilla/5.0 (Linux; U; Android 6.0.1; zh-cn; KIW-CL00 Build/HONORKIW-CL00) AppleWebKit/537.36 (KHTML, like Gecko)Version/4.0 Chrome/37.0.0.0 MQQBrowser/7.8 Mobile Safari/537.36"
119.86.99.99 - - [25/Sep/2017:10:15:13 +0800] "GET /main.507b3a.css HTTP/1.1" 304 0 "https://wzsite.cn/" "Mozilla/5.0 (Linux; U; Android 6.0.1; zh-cn; KIW-CL00 Build/HONORKIW-CL00) AppleWebKit/537.36 (KHTML, like Gecko)Version/4.0 Chrome/37.0.0.0 MQQBrowser/7.8 Mobile Safari/537.36"
119.86.99.99 - - [25/Sep/2017:10:15:13 +0800] "GET /2017/09/24/CCTF-%E9%87%8D%E5%BA%86%E7%BB%BF%E7%9B%9F%E6%9D%AF-%E6%AF%94%E8%B5%9BwriteUp/21-23-66.jpg HTTP/1.1" 304 0 "https://wzsite.cn/" "Mozilla/5.0 (Linux; U; Android 6.0.1; zh-cn; KIW-CL00 Build/HONORKIW-CL00) AppleWebKit/537.36 (KHTML, like Gecko)Version/4.0 Chrome/37.0.0.0 MQQBrowser/7.8 Mobile Safari/537.36"
119.86.99.99 - - [25/Sep/2017:10:15:13 +0800] "GET /img/avatar.jpg HTTP/1.1" 304 0 "https://wzsite.cn/" "Mozilla/5.0 (Linux; U; Android 6.0.1; zh-cn; KIW-CL00 Build/HONORKIW-CL00) AppleWebKit/537.36 (KHTML, like Gecko)Version/4.0 Chrome/37.0.0.0 MQQBrowser/7.8 Mobile Safari/537.36"
119.86.99.99 - - [25/Sep/2017:10:15:13 +0800] "GET /2017/09/22/Notice/2016122107.jpg HTTP/1.1" 304 0 "https://wzsite.cn/" "Mozilla/5.0 (Linux; U; Android 6.0.1; zh-cn; KIW-CL00 Build/HONORKIW-CL00) AppleWebKit/537.36 (KHTML, like Gecko)Version/4.0 Chrome/37.0.0.0 MQQBrowser/7.8 Mobile Safari/537.36"
119.86.99.99 - - [25/Sep/2017:10:15:13 +0800] "GET /main.507b3a.js HTTP/1.1" 304 0 "https://wzsite.cn/" "Mozilla/5.0 (Linux; U; Android 6.0.1; zh-cn; KIW-CL00 Build/HONORKIW-CL00) AppleWebKit/537.36 (KHTML, like Gecko)Version/4.0 Chrome/37.0.0.0 MQQBrowser/7.8 Mobile Safari/537.36"
119.86.99.99 - - [25/Sep/2017:10:15:13 +0800] "GET /fonts/iconfont.8c627f.woff HTTP/1.1" 304 0 "https://wzsite.cn/main.507b3a.css" "Mozilla/5.0 (Linux; U; Android 6.0.1; zh-cn; KIW-CL00 Build/HONORKIW-CL00) AppleWebKit/537.36 (KHTML, like Gecko)Version/4.0 Chrome/37.0.0.0 MQQBrowser/7.8 Mobile Safari/537.36"
119.86.99.99 - - [25/Sep/2017:10:15:14 +0800] "GET /slider.e37972.js HTTP/1.1" 304 0 "https://wzsite.cn/" "Mozilla/5.0 (Linux; U; Android 6.0.1; zh-cn; KIW-CL00 Build/HONORKIW-CL00) AppleWebKit/537.36 (KHTML, like Gecko)Version/4.0 Chrome/37.0.0.0 MQQBrowser/7.8 Mobile Safari/537.36"
119.86.99.99 - - [25/Sep/2017:10:15:14 +0800] "GET /img/scrollbar_arrow.png HTTP/1.1" 304 0 "https://wzsite.cn/main.507b3a.css" "Mozilla/5.0 (Linux; U; Android 6.0.1; zh-cn; KIW-CL00 Build/HONORKIW-CL00) AppleWebKit/537.36 (KHTML, like Gecko)Version/4.0 Chrome/37.0.0.0 MQQBrowser/7.8 Mobile Safari/537.36"
119.86.99.99 - - [25/Sep/2017:10:15:14 +0800] "GET /img/favicon.ico HTTP/1.1" 304 0 "-" "Mozilla/5.0 (Linux; U; Android 6.0.1; zh-cn; KIW-CL00 Build/HONORKIW-CL00) AppleWebKit/537.36 (KHTML, like Gecko)Version/4.0 Chrome/37.0.0.0 MQQBrowser/7.8 Mobile Safari/537.36"
119.86.99.99 - - [25/Sep/2017:10:15:14 +0800] "GET /content.json?t=1506305715058 HTTP/1.1" 200 325 "https://wzsite.cn/" "Mozilla/5.0 (Linux; U; Android 6.0.1; zh-cn; KIW-CL00 Build/HONORKIW-CL00) AppleWebKit/537.36 (KHTML, like Gecko)Version/4.0 Chrome/37.0.0.0 MQQBrowser/7.8 Mobile Safari/537.36"
119.86.99.99 - - [25/Sep/2017:10:15:58 +0800] "GET /2017/09/24/CCTF-%E9%87%8D%E5%BA%86%E7%BB%BF%E7%9B%9F%E6%9D%AF-%E6%AF%94%E8%B5%9BwriteUp/ HTTP/1.1" 304 0 "https://wzsite.cn/" "Mozilla/5.0 (Linux; U; Android 6.0.1; zh-cn; KIW-CL00 Build/HONORKIW-CL00) AppleWebKit/537.36 (KHTML, like Gecko)Version/4.0 Chrome/37.0.0.0 MQQBrowser/7.8 Mobile Safari/537.36"
119.86.99.99 - - [25/Sep/2017:10:15:58 +0800] "GET /2017/09/24/CCTF-%E9%87%8D%E5%BA%86%E7%BB%BF%E7%9B%9F%E6%9D%AF-%E6%AF%94%E8%B5%9BwriteUp/21-17-21.jpg HTTP/1.1" 304 0 "https://wzsite.cn/2017/09/24/CCTF-%E9%87%8D%E5%BA%86%E7%BB%BF%E7%9B%9F%E6%9D%AF-%E6%AF%94%E8%B5%9BwriteUp/" "Mozilla/5.0 (Linux; U; Android 6.0.1; zh-cn; KIW-CL00 Build/HONORKIW-CL00) AppleWebKit/537.36 (KHTML, like Gecko)Version/4.0 Chrome/37.0.0.0 MQQBrowser/7.8 Mobile Safari/537.36"
119.86.99.99 - - [25/Sep/2017:10:15:58 +0800] "GET /2017/09/24/CCTF-%E9%87%8D%E5%BA%86%E7%BB%BF%E7%9B%9F%E6%9D%AF-%E6%AF%94%E8%B5%9BwriteUp/21-21-47.jpg HTTP/1.1" 304 0 "https://wzsite.cn/2017/09/24/CCTF-%E9%87%8D%E5%BA%86%E7%BB%BF%E7%9B%9F%E6%9D%AF-%E6%AF%94%E8%B5%9BwriteUp/" "Mozilla/5.0 (Linux; U; Android 6.0.1; zh-cn; KIW-CL00 Build/HONORKIW-CL00) AppleWebKit/537.36 (KHTML, like Gecko)Version/4.0 Chrome/37.0.0.0 MQQBrowser/7.8 Mobile Safari/537.36"
119.86.99.99 - - [25/Sep/2017:10:15:58 +0800] "GET /2017/09/24/CCTF-%E9%87%8D%E5%BA%86%E7%BB%BF%E7%9B%9F%E6%9D%AF-%E6%AF%94%E8%B5%9BwriteUp/21-21-28.jpg HTTP/1.1" 304 0 "https://wzsite.cn/2017/09/24/CCTF-%E9%87%8D%E5%BA%86%E7%BB%BF%E7%9B%9F%E6%9D%AF-%E6%AF%94%E8%B5%9BwriteUp/" "Mozilla/5.0 (Linux; U; Android 6.0.1; zh-cn; KIW-CL00 Build/HONORKIW-CL00) AppleWebKit/537.36 (KHTML, like Gecko)Version/4.0 Chrome/37.0.0.0 MQQBrowser/7.8 Mobile Safari/537.36"
119.86.99.99 - - [25/Sep/2017:10:15:58 +0800] "GET /2017/09/24/CCTF-%E9%87%8D%E5%BA%86%E7%BB%BF%E7%9B%9F%E6%9D%AF-%E6%AF%94%E8%B5%9BwriteUp/21-37-40.jpg HTTP/1.1" 304 0 "https://wzsite.cn/2017/09/24/CCTF-%E9%87%8D%E5%BA%86%E7%BB%BF%E7%9B%9F%E6%9D%AF-%E6%AF%94%E8%B5%9BwriteUp/" "Mozilla/5.0 (Linux; U; Android 6.0.1; zh-cn; KIW-CL00 Build/HONORKIW-CL00) AppleWebKit/537.36 (KHTML, like Gecko)Version/4.0 Chrome/37.0.0.0 MQQBrowser/7.8 Mobile Safari/537.36"
119.86.99.99 - - [25/Sep/2017:10:15:58 +0800] "GET /2017/09/24/CCTF-%E9%87%8D%E5%BA%86%E7%BB%BF%E7%9B%9F%E6%9D%AF-%E6%AF%94%E8%B5%9BwriteUp/21-40-49.jpg HTTP/1.1" 304 0 "https://wzsite.cn/2017/09/24/CCTF-%E9%87%8D%E5%BA%86%E7%BB%BF%E7%9B%9F%E6%9D%AF-%E6%AF%94%E8%B5%9BwriteUp/" "Mozilla/5.0 (Linux; U; Android 6.0.1; zh-cn; KIW-CL00 Build/HONORKIW-CL00) AppleWebKit/537.36 (KHTML, like Gecko)Version/4.0 Chrome/37.0.0.0 MQQBrowser/7.8 Mobile Safari/537.36"
119.86.99.99 - - [25/Sep/2017:10:15:59 +0800] "GET /fonts/tooltip.4004ff.svg HTTP/1.1" 304 0 "https://wzsite.cn/main.507b3a.css" "Mozilla/5.0 (Linux; U; Android 6.0.1; zh-cn; KIW-CL00 Build/HONORKIW-CL00) AppleWebKit/537.36 (KHTML, like Gecko)Version/4.0 Chrome/37.0.0.0 MQQBrowser/7.8 Mobile Safari/537.36"
119.86.99.99 - - [25/Sep/2017:10:15:59 +0800] "GET /content.json?t=1506305760078 HTTP/1.1" 200 325 "https://wzsite.cn/2017/09/24/CCTF-%E9%87%8D%E5%BA%86%E7%BB%BF%E7%9B%9F%E6%9D%AF-%E6%AF%94%E8%B5%9BwriteUp/" "Mozilla/5.0 (Linux; U; Android 6.0.1; zh-cn; KIW-CL00 Build/HONORKIW-CL00) AppleWebKit/537.36 (KHTML, like Gecko)Version/4.0 Chrome/37.0.0.0 MQQBrowser/7.8 Mobile Safari/537.36"
101.226.33.228 - - [25/Sep/2017:10:18:41 +0800] "GET /search/option HTTP/1.1" 302 161 "-" "Mozilla/5.0 (Linux; U; Android 4.4.4; zh-CN; Coolpad Y82-520 Build/KTU84P) AppleWebKit/534.30 (KHTML, like Gecko) Version/4.0 UCBrowser/10.9.8.738 U3/0.8.0 Mobile Safari/534.30"
106.75.85.103 - - [25/Sep/2017:10:46:44 +0800] "GET / HTTP/1.1" 200 123055 "-" "Mozilla/5.0 (Windows NT 6.1) AppleWebKit/537.1 (KHTML, like Gecko) Chrome/21.0.1180.89 Safari/537.1"
119.86.99.99 - - [25/Sep/2017:10:50:36 +0800] "GET /content.json?t=1506307836924 HTTP/1.1" 200 325 "https://wzsite.cn/2017/09/24/CCTF-%E9%87%8D%E5%BA%86%E7%BB%BF%E7%9B%9F%E6%9D%AF-%E6%AF%94%E8%B5%9BwriteUp/" "Mozilla/5.0 (Linux; U; Android 6.0.1; zh-cn; KIW-CL00 Build/HONORKIW-CL00) AppleWebKit/537.36 (KHTML, like Gecko)Version/4.0 Chrome/37.0.0.0 MQQBrowser/7.8 Mobile Safari/537.36"
119.86.99.99 - - [25/Sep/2017:10:50:44 +0800] "GET /2017/09/24/CCTF-%E9%87%8D%E5%BA%86%E7%BB%BF%E7%9B%9F%E6%9D%AF-%E6%AF%94%E8%B5%9BwriteUp/1001CCTF\xEF\xBC\x88\xE9\x87\x8D\xE5\xBA\x86\xE7\xBB\xBF\xE7\x9B\x9F\xE6\x9D\xAF\xEF\xBC\x89\xE6\xAF\x94\xE8\xB5\x9BwriteUp | Wz's Blog HTTP/1.1" 404 169 "-" "Mozilla/5.0 (Linux; U; Android 6.0.1; zh-cn; KIW-CL00 Build/HONORKIW-CL00) AppleWebKit/533.1 (KHTML, like Gecko) Mobile Safari/533.1"
119.86.99.99 - - [25/Sep/2017:10:50:44 +0800] "GET /2017/09/24/CCTF-%E9%87%8D%E5%BA%86%E7%BB%BF%E7%9B%9F%E6%9D%AF-%E6%AF%94%E8%B5%9BwriteUp/1001CCTF\xEF\xBC\x88\xE9\x87\x8D\xE5\xBA\x86\xE7\xBB\xBF\xE7\x9B\x9F\xE6\x9D\xAF\xEF\xBC\x89\xE6\xAF\x94\xE8\xB5\x9BwriteUp | Wz's Blog HTTP/1.1" 404 169 "-" "Mozilla/5.0 (Linux; U; Android 6.0.1; zh-cn; KIW-CL00 Build/HONORKIW-CL00) AppleWebKit/533.1 (KHTML, like Gecko) Mobile Safari/533.1"
119.86.99.99 - - [25/Sep/2017:10:50:45 +0800] "GET /2017/09/24/CCTF-%E9%87%8D%E5%BA%86%E7%BB%BF%E7%9B%9F%E6%9D%AF-%E6%AF%94%E8%B5%9BwriteUp/1001CCTF\xEF\xBC\x88\xE9\x87\x8D\xE5\xBA\x86\xE7\xBB\xBF\xE7\x9B\x9F\xE6\x9D\xAF\xEF\xBC\x89\xE6\xAF\x94\xE8\xB5\x9BwriteUp | Wz's Blog HTTP/1.1" 404 169 "-" "Mozilla/5.0 (Linux; U; Android 6.0.1; zh-cn; KIW-CL00 Build/HONORKIW-CL00) AppleWebKit/533.1 (KHTML, like Gecko) Mobile Safari/533.1"
119.86.99.99 - - [25/Sep/2017:10:50:45 +0800] "GET /2017/09/24/CCTF-%E9%87%8D%E5%BA%86%E7%BB%BF%E7%9B%9F%E6%9D%AF-%E6%AF%94%E8%B5%9BwriteUp/1001CCTF\xEF\xBC\x88\xE9\x87\x8D\xE5\xBA\x86\xE7\xBB\xBF\xE7\x9B\x9F\xE6\x9D\xAF\xEF\xBC\x89\xE6\xAF\x94\xE8\xB5\x9BwriteUp | Wz's Blog HTTP/1.1" 404 169 "-" "Mozilla/5.0 (Linux; U; Android 6.0.1; zh-cn; KIW-CL00 Build/HONORKIW-CL00) AppleWebKit/533.1 (KHTML, like Gecko) Mobile Safari/533.1"
119.86.99.99 - - [25/Sep/2017:10:52:13 +0800] "GET /main.507b3a.css HTTP/1.1" 304 0 "https://res.imtt.qq.com/key-resource/service-worker.js" "Mozilla/5.0 (Linux; Android 6.0.1; KIW-CL00 Build/HONORKIW-CL00) AppleWebKit/537.36 (KHTML, like Gecko) Version/4.0 Chrome/37.0.0.0 Mobile MQQBrowser/7.8 TBS/037805 Safari/537.36"
117.119.33.17 - - [25/Sep/2017:11:15:00 +0800] "GET /favicon.ico HTTP/1.1" 302 161 "-" "-"
117.119.33.17 - - [25/Sep/2017:11:15:00 +0800] "GET /favicon.ico HTTP/1.1" 404 169 "-" "-"
119.86.99.99 - - [25/Sep/2017:11:15:00 +0800] "GET / HTTP/1.1" 302 161 "-" "Mozilla/5.0 (Linux; U; Android 6.0.1; zh-CN; KIW-CL00 Build/HONORKIW-CL00) AppleWebKit/537.36 (KHTML, like Gecko) Version/4.0 OPR/12.13.0.1 Mobile Safari/537.36"
119.86.99.99 - - [25/Sep/2017:11:15:01 +0800] "GET / HTTP/1.1" 200 123055 "-" "Mozilla/5.0 (Linux; U; Android 6.0.1; zh-CN; KIW-CL00 Build/HONORKIW-CL00) AppleWebKit/537.36 (KHTML, like Gecko) Version/4.0 OPR/12.13.0.1 Mobile Safari/537.36"
119.86.99.99 - - [25/Sep/2017:11:15:01 +0800] "GET /main.507b3a.css HTTP/1.1" 200 60610 "https://wzsite.cn/" "Mozilla/5.0 (Linux; U; Android 6.0.1; zh-CN; KIW-CL00 Build/HONORKIW-CL00) AppleWebKit/537.36 (KHTML, like Gecko) Version/4.0 OPR/12.13.0.1 Mobile Safari/537.36"
119.86.99.99 - - [25/Sep/2017:11:15:01 +0800] "GET /img/avatar.jpg HTTP/1.1" 200 47619 "https://wzsite.cn/" "Mozilla/5.0 (Linux; U; Android 6.0.1; zh-CN; KIW-CL00 Build/HONORKIW-CL00) AppleWebKit/537.36 (KHTML, like Gecko) Version/4.0 OPR/12.13.0.1 Mobile Safari/537.36"
119.86.99.99 - - [25/Sep/2017:11:15:02 +0800] "GET /main.507b3a.js HTTP/1.1" 200 70601 "https://wzsite.cn/" "Mozilla/5.0 (Linux; U; Android 6.0.1; zh-CN; KIW-CL00 Build/HONORKIW-CL00) AppleWebKit/537.36 (KHTML, like Gecko) Version/4.0 OPR/12.13.0.1 Mobile Safari/537.36"
119.86.99.99 - - [25/Sep/2017:11:15:03 +0800] "GET /fonts/iconfont.8c627f.woff HTTP/1.1" 200 13192 "https://wzsite.cn/main.507b3a.css" "Mozilla/5.0 (Linux; U; Android 6.0.1; zh-CN; KIW-CL00 Build/HONORKIW-CL00) AppleWebKit/537.36 (KHTML, like Gecko) Version/4.0 OPR/12.13.0.1 Mobile Safari/537.36"
119.86.99.99 - - [25/Sep/2017:11:15:04 +0800] "GET /img/scrollbar_arrow.png HTTP/1.1" 200 3065 "https://wzsite.cn/main.507b3a.css" "Mozilla/5.0 (Linux; U; Android 6.0.1; zh-CN; KIW-CL00 Build/HONORKIW-CL00) AppleWebKit/537.36 (KHTML, like Gecko) Version/4.0 OPR/12.13.0.1 Mobile Safari/537.36"
119.86.99.99 - - [25/Sep/2017:11:15:05 +0800] "GET /2017/09/22/Notice/2016122107.jpg HTTP/1.1" 200 173892 "https://wzsite.cn/" "Mozilla/5.0 (Linux; U; Android 6.0.1; zh-CN; KIW-CL00 Build/HONORKIW-CL00) AppleWebKit/537.36 (KHTML, like Gecko) Version/4.0 OPR/12.13.0.1 Mobile Safari/537.36"
119.86.99.99 - - [25/Sep/2017:11:15:05 +0800] "GET /slider.e37972.js HTTP/1.1" 200 53386 "https://wzsite.cn/" "Mozilla/5.0 (Linux; U; Android 6.0.1; zh-CN; KIW-CL00 Build/HONORKIW-CL00) AppleWebKit/537.36 (KHTML, like Gecko) Version/4.0 OPR/12.13.0.1 Mobile Safari/537.36"
119.86.99.99 - - [25/Sep/2017:11:15:06 +0800] "GET /content.json?t=1506309306144 HTTP/1.1" 200 325 "https://wzsite.cn/" "Mozilla/5.0 (Linux; U; Android 6.0.1; zh-CN; KIW-CL00 Build/HONORKIW-CL00) AppleWebKit/537.36 (KHTML, like Gecko) Version/4.0 OPR/12.13.0.1 Mobile Safari/537.36"
119.86.99.99 - - [25/Sep/2017:11:15:07 +0800] "GET /2017/09/24/CCTF-%E9%87%8D%E5%BA%86%E7%BB%BF%E7%9B%9F%E6%9D%AF-%E6%AF%94%E8%B5%9BwriteUp/21-23-66.jpg HTTP/1.1" 200 407838 "https://wzsite.cn/" "Mozilla/5.0 (Linux; U; Android 6.0.1; zh-CN; KIW-CL00 Build/HONORKIW-CL00) AppleWebKit/537.36 (KHTML, like Gecko) Version/4.0 OPR/12.13.0.1 Mobile Safari/537.36"
119.86.99.99 - - [25/Sep/2017:11:15:08 +0800] "GET /img/favicon.ico HTTP/1.1" 200 4286 "https://wzsite.cn/" "Mozilla/5.0 (Linux; U; Android 6.0.1; zh-CN; KIW-CL00 Build/HONORKIW-CL00) AppleWebKit/537.36 (KHTML, like Gecko) Version/4.0 OPR/12.13.0.1 Mobile Safari/537.36"
119.86.99.99 - - [25/Sep/2017:11:15:48 +0800] "GET /2017/09/24/CCTF-%E9%87%8D%E5%BA%86%E7%BB%BF%E7%9B%9F%E6%9D%AF-%E6%AF%94%E8%B5%9BwriteUp/ HTTP/1.1" 200 137021 "https://wzsite.cn/" "Mozilla/5.0 (Linux; U; Android 6.0.1; zh-CN; KIW-CL00 Build/HONORKIW-CL00) AppleWebKit/537.36 (KHTML, like Gecko) Version/4.0 OPR/12.13.0.1 Mobile Safari/537.36"
119.86.99.99 - - [25/Sep/2017:11:15:48 +0800] "GET /2017/09/24/CCTF-%E9%87%8D%E5%BA%86%E7%BB%BF%E7%9B%9F%E6%9D%AF-%E6%AF%94%E8%B5%9BwriteUp/21-40-49.jpg HTTP/1.1" 200 18723 "https://wzsite.cn/2017/09/24/CCTF-%E9%87%8D%E5%BA%86%E7%BB%BF%E7%9B%9F%E6%9D%AF-%E6%AF%94%E8%B5%9BwriteUp/" "Mozilla/5.0 (Linux; U; Android 6.0.1; zh-CN; KIW-CL00 Build/HONORKIW-CL00) AppleWebKit/537.36 (KHTML, like Gecko) Version/4.0 OPR/12.13.0.1 Mobile Safari/537.36"
119.86.99.99 - - [25/Sep/2017:11:15:48 +0800] "GET /fonts/tooltip.4004ff.svg HTTP/1.1" 200 486 "https://wzsite.cn/main.507b3a.css" "Mozilla/5.0 (Linux; U; Android 6.0.1; zh-CN; KIW-CL00 Build/HONORKIW-CL00) AppleWebKit/537.36 (KHTML, like Gecko) Version/4.0 OPR/12.13.0.1 Mobile Safari/537.36"
119.86.99.99 - - [25/Sep/2017:11:15:48 +0800] "GET /2017/09/24/CCTF-%E9%87%8D%E5%BA%86%E7%BB%BF%E7%9B%9F%E6%9D%AF-%E6%AF%94%E8%B5%9BwriteUp/21-21-28.jpg HTTP/1.1" 200 64606 "https://wzsite.cn/2017/09/24/CCTF-%E9%87%8D%E5%BA%86%E7%BB%BF%E7%9B%9F%E6%9D%AF-%E6%AF%94%E8%B5%9BwriteUp/" "Mozilla/5.0 (Linux; U; Android 6.0.1; zh-CN; KIW-CL00 Build/HONORKIW-CL00) AppleWebKit/537.36 (KHTML, like Gecko) Version/4.0 OPR/12.13.0.1 Mobile Safari/537.36"
119.86.99.99 - - [25/Sep/2017:11:15:49 +0800] "GET /content.json?t=1506309349582 HTTP/1.1" 200 325 "https://wzsite.cn/2017/09/24/CCTF-%E9%87%8D%E5%BA%86%E7%BB%BF%E7%9B%9F%E6%9D%AF-%E6%AF%94%E8%B5%9BwriteUp/" "Mozilla/5.0 (Linux; U; Android 6.0.1; zh-CN; KIW-CL00 Build/HONORKIW-CL00) AppleWebKit/537.36 (KHTML, like Gecko) Version/4.0 OPR/12.13.0.1 Mobile Safari/537.36"
119.86.99.99 - - [25/Sep/2017:11:15:49 +0800] "GET /2017/09/24/CCTF-%E9%87%8D%E5%BA%86%E7%BB%BF%E7%9B%9F%E6%9D%AF-%E6%AF%94%E8%B5%9BwriteUp/21-17-21.jpg HTTP/1.1" 200 178693 "https://wzsite.cn/2017/09/24/CCTF-%E9%87%8D%E5%BA%86%E7%BB%BF%E7%9B%9F%E6%9D%AF-%E6%AF%94%E8%B5%9BwriteUp/" "Mozilla/5.0 (Linux; U; Android 6.0.1; zh-CN; KIW-CL00 Build/HONORKIW-CL00) AppleWebKit/537.36 (KHTML, like Gecko) Version/4.0 OPR/12.13.0.1 Mobile Safari/537.36"
119.86.99.99 - - [25/Sep/2017:11:15:50 +0800] "GET /2017/09/24/CCTF-%E9%87%8D%E5%BA%86%E7%BB%BF%E7%9B%9F%E6%9D%AF-%E6%AF%94%E8%B5%9BwriteUp/21-37-40.jpg HTTP/1.1" 200 26599 "https://wzsite.cn/2017/09/24/CCTF-%E9%87%8D%E5%BA%86%E7%BB%BF%E7%9B%9F%E6%9D%AF-%E6%AF%94%E8%B5%9BwriteUp/" "Mozilla/5.0 (Linux; U; Android 6.0.1; zh-CN; KIW-CL00 Build/HONORKIW-CL00) AppleWebKit/537.36 (KHTML, like Gecko) Version/4.0 OPR/12.13.0.1 Mobile Safari/537.36"
119.86.99.99 - - [25/Sep/2017:11:15:50 +0800] "GET /2017/09/24/CCTF-%E9%87%8D%E5%BA%86%E7%BB%BF%E7%9B%9F%E6%9D%AF-%E6%AF%94%E8%B5%9BwriteUp/21-21-47.jpg HTTP/1.1" 200 58983 "https://wzsite.cn/2017/09/24/CCTF-%E9%87%8D%E5%BA%86%E7%BB%BF%E7%9B%9F%E6%9D%AF-%E6%AF%94%E8%B5%9BwriteUp/" "Mozilla/5.0 (Linux; U; Android 6.0.1; zh-CN; KIW-CL00 Build/HONORKIW-CL00) AppleWebKit/537.36 (KHTML, like Gecko) Version/4.0 OPR/12.13.0.1 Mobile Safari/537.36"
119.86.99.99 - - [25/Sep/2017:11:15:58 +0800] "GET /content.json?t=1506309358872 HTTP/1.1" 200 325 "https://wzsite.cn/" "Mozilla/5.0 (Linux; U; Android 6.0.1; zh-CN; KIW-CL00 Build/HONORKIW-CL00) AppleWebKit/537.36 (KHTML, like Gecko) Version/4.0 OPR/12.13.0.1 Mobile Safari/537.36"
119.86.99.99 - - [25/Sep/2017:11:16:54 +0800] "GET /search HTTP/1.1" 301 185 "https://wzsite.cn/" "Mozilla/5.0 (Linux; U; Android 6.0.1; zh-CN; KIW-CL00 Build/HONORKIW-CL00) AppleWebKit/537.36 (KHTML, like Gecko) Version/4.0 OPR/12.13.0.1 Mobile Safari/537.36"
119.86.99.99 - - [25/Sep/2017:11:16:54 +0800] "GET /search/ HTTP/1.1" 200 1936 "https://wzsite.cn/" "Mozilla/5.0 (Linux; U; Android 6.0.1; zh-CN; KIW-CL00 Build/HONORKIW-CL00) AppleWebKit/537.36 (KHTML, like Gecko) Version/4.0 OPR/12.13.0.1 Mobile Safari/537.36"
119.86.99.99 - - [25/Sep/2017:11:16:54 +0800] "GET /static/beian.png HTTP/1.1" 200 19256 "https://www.wzsite.cn/search/" "Mozilla/5.0 (Linux; U; Android 6.0.1; zh-CN; KIW-CL00 Build/HONORKIW-CL00) AppleWebKit/537.36 (KHTML, like Gecko) Version/4.0 OPR/12.13.0.1 Mobile Safari/537.36"
119.86.99.99 - - [25/Sep/2017:11:16:54 +0800] "GET /static/flat-ui.css HTTP/1.1" 200 70590 "https://www.wzsite.cn/search/" "Mozilla/5.0 (Linux; U; Android 6.0.1; zh-CN; KIW-CL00 Build/HONORKIW-CL00) AppleWebKit/537.36 (KHTML, like Gecko) Version/4.0 OPR/12.13.0.1 Mobile Safari/537.36"
119.86.99.99 - - [25/Sep/2017:11:16:54 +0800] "GET /static/bootstrap.min.css HTTP/1.1" 200 103323 "https://www.wzsite.cn/search/" "Mozilla/5.0 (Linux; U; Android 6.0.1; zh-CN; KIW-CL00 Build/HONORKIW-CL00) AppleWebKit/537.36 (KHTML, like Gecko) Version/4.0 OPR/12.13.0.1 Mobile Safari/537.36"
